 
Asus@LAPTOP-A3F30CDJ MINGW64 /c/webdev
$ git init
Initialized empty Git repository in C:/webdev/.git/

Asus@LAPTOP-A3F30CDJ MINGW64 /c/webdev (master)
$ git clone https://github.com/anggrainisumarno/belajarGIT
Cloning into 'belajarGIT'...
remote: Enumerating objects: 6, done.
remote: Counting objects: 100% (6/6), done.
remote: Compressing objects: 100% (3/3), done.
remote: Total 6 (delta 0), reused 0 (delta 0), pack-reused 0
Receiving objects: 100% (6/6), done.

Asus@LAPTOP-A3F30CDJ MINGW64 /c/webdev (master)
$ cd belajar git
bash: cd: too many arguments

Asus@LAPTOP-A3F30CDJ MINGW64 /c/webdev (master)
$ cd belajarGIT

Asus@LAPTOP-A3F30CDJ MINGW64 /c/webdev/belajarGIT (main)
$ git branch Tugas-git

Asus@LAPTOP-A3F30CDJ MINGW64 /c/webdev/belajarGIT (main)
$ git checkout Tugas-git
Switched to branch 'Tugas-git'

Asus@LAPTOP-A3F30CDJ MINGW64 /c/webdev/belajarGIT (Tugas-git)
$ git status
On branch Tugas-git
Untracked files:
  (use "git add <file>..." to include in what will be committed)
        Tugas-GIT.txt

nothing added to commit but untracked files present (use "git add" to track)

Asus@LAPTOP-A3F30CDJ MINGW64 /c/webdev/belajarGIT (Tugas-git)
$ git add Tugas-GIT
fatal: pathspec 'Tugas-GIT' did not match any files


Asus@LAPTOP-A3F30CDJ MINGW64 /c/webdev/belajarGIT (Tugas-git)
$ git add Tugas-GIT.txt

Asus@LAPTOP-A3F30CDJ MINGW64 /c/webdev/belajarGIT (Tugas-git)
$ git commit -m "Tugas-Git"
Author identity unknown

*** Please tell me who you are.

Run

  git config --global user.email "you@example.com"
  git config --global user.name "Your Name"

to set your account's default identity.
Omit --global to set the identity only in this repository.

fatal: unable to auto-detect email address (got 'Asus@LAPTOP-A3F30CDJ.(none)')

Asus@LAPTOP-A3F30CDJ MINGW64 /c/webdev/belajarGIT (Tugas-git)
$  git config --global user.email "anggrainipsumarno18@gmail.com"

Asus@LAPTOP-A3F30CDJ MINGW64 /c/webdev/belajarGIT (Tugas-git)
$ ^C

Asus@LAPTOP-A3F30CDJ MINGW64 /c/webdev/belajarGIT (Tugas-git)
$  git config --global user.name "anggrainisumarno"

Asus@LAPTOP-A3F30CDJ MINGW64 /c/webdev/belajarGIT (Tugas-git)
$ git commit -m "Tugas-Git"
[Tugas-git 492d815] Tugas-Git
 1 file changed, 1 insertion(+)
 create mode 100644 Tugas-GIT.txt

Asus@LAPTOP-A3F30CDJ MINGW64 /c/webdev/belajarGIT (Tugas-git)
$ git checkout Tugas-git
Already on 'Tugas-git'

Asus@LAPTOP-A3F30CDJ MINGW64 /c/webdev/belajarGIT (Tugas-git)
$ ^C

Asus@LAPTOP-A3F30CDJ MINGW64 /c/webdev/belajarGIT (Tugas-git)
$ git checkout main
Switched to branch 'main'
Your branch is up to date with 'origin/main'.

Asus@LAPTOP-A3F30CDJ MINGW64 /c/webdev/belajarGIT (main)
$ git merge Tugas-git
Updating f721b90..492d815
Fast-forward
 Tugas-GIT.txt | 1 +
 1 file changed, 1 insertion(+)
 create mode 100644 Tugas-GIT.txt

Asus@LAPTOP-A3F30CDJ MINGW64 /c/webdev/belajarGIT (main)
$ git push

Enumerating objects: 4, done.
Counting objects: 100% (4/4), done.
Delta compression using up to 8 threads
Compressing objects: 100% (2/2), done.
Writing objects: 100% (3/3), 302 bytes | 43.00 KiB/s, done.
Total 3 (delta 0), reused 0 (delta 0), pack-reused 0 (from 0)
To https://github.com/anggrainisumarno/belajarGIT
   f721b90..492d815  main -> main

Asus@LAPTOP-A3F30CDJ MINGW64 /c/webdev/belajarGIT (main)
$ git branch belajarHTML

Asus@LAPTOP-A3F30CDJ MINGW64 /c/webdev/belajarGIT (main)
$ git checkout belajarHTML
Switched to branch 'belajarHTML'

Asus@LAPTOP-A3F30CDJ MINGW64 /c/webdev/belajarGIT (belajarHTML)
$ git status
On branch belajarHTML
Changes not staged for commit:
  (use "git add <file>..." to update what will be committed)
  (use "git restore <file>..." to discard changes in working directory)
        modified:   Tugas-GIT.txt

Untracked files:
  (use "git add <file>..." to include in what will be committed)
        Tugas-HTML.txt
        log.txt

no changes added to commit (use "git add" and/or "git commit -a")

Asus@LAPTOP-A3F30CDJ MINGW64 /c/webdev/belajarGIT (belajarHTML)
$ git add .

Asus@LAPTOP-A3F30CDJ MINGW64 /c/webdev/belajarGIT (belajarHTML)
$ git commit -m "belajarHTML"
[belajarHTML 9ae0b14] belajarHTML
 3 files changed, 47 insertions(+), 1 deletion(-)
 create mode 100644 Tugas-HTML.txt
 create mode 100644 log.txt

Asus@LAPTOP-A3F30CDJ MINGW64 /c/webdev/belajarGIT (belajarHTML)
$ git chekcout main
git: 'chekcout' is not a git command. See 'git --help'.

The most similar command is
        checkout

Asus@LAPTOP-A3F30CDJ MINGW64 /c/webdev/belajarGIT (belajarHTML)
$ git chekout main
git: 'chekout' is not a git command. See 'git --help'.

The most similar command is
        checkout

Asus@LAPTOP-A3F30CDJ MINGW64 /c/webdev/belajarGIT (belajarHTML)
$ git checkout main
Switched to branch 'main'
Your branch is up to date with 'origin/main'.

Asus@LAPTOP-A3F30CDJ MINGW64 /c/webdev/belajarGIT (main)
$ git merge belajarHTML
Updating 492d815..9ae0b14
Fast-forward
 Tugas-GIT.txt  |  4 +++-
 Tugas-HTML.txt |  1 +
 log.txt        | 43 +++++++++++++++++++++++++++++++++++++++++++
 3 files changed, 47 insertions(+), 1 deletion(-)
 create mode 100644 Tugas-HTML.txt
 create mode 100644 log.txt

Asus@LAPTOP-A3F30CDJ MINGW64 /c/webdev/belajarGIT (main)
$ git push
Enumerating objects: 7, done.
Counting objects: 100% (7/7), done.
Delta compression using up to 8 threads
Compressing objects: 100% (3/3), done.
Writing objects: 100% (5/5), 889 bytes | 88.00 KiB/s, done.
Total 5 (delta 0), reused 0 (delta 0), pack-reused 0 (from 0)
To https://github.com/anggrainisumarno/belajarGIT
   492d815..9ae0b14  main -> main


Asus@LAPTOP-A3F30CDJ MINGW64 /c/webdev/belajarGIT (main)
$ git branch belajarCSS

Asus@LAPTOP-A3F30CDJ MINGW64 /c/webdev/belajarGIT (main)
$ git checkout belajarCSS
Switched to branch 'belajarCSS'
M       log.txt

Asus@LAPTOP-A3F30CDJ MINGW64 /c/webdev/belajarGIT (belajarCSS)
$ git status
On branch belajarCSS
Changes not staged for commit:
  (use "git add <file>..." to update what will be committed)
  (use "git restore <file>..." to discard changes in working directory)
        modified:   log.txt

Untracked files:
  (use "git add <file>..." to include in what will be committed)
        Tugas-CSS.txt

no changes added to commit (use "git add" and/or "git commit -a")

Asus@LAPTOP-A3F30CDJ MINGW64 /c/webdev/belajarGIT (belajarCSS)
$ git add belajarCSS.txt

Asus@LAPTOP-A3F30CDJ MINGW64 /c/webdev/belajarGIT (belajarCSS)
$ git status
On branch belajarCSS
Changes to be committed:
  (use "git restore --staged <file>..." to unstage)
        new file:   belajarCSS.txt

Changes not staged for commit:
  (use "git add/rm <file>..." to update what will be committed)
  (use "git restore <file>..." to discard changes in working directory)
        deleted:    Tugas-HTML.txt
        modified:   log.txt

Untracked files:
  (use "git add <file>..." to include in what will be committed)
        belajarHTML.txt


Asus@LAPTOP-A3F30CDJ MINGW64 /c/webdev/belajarGIT (belajarCSS)
$ git commit -m "belajarCSS
> ;
> ;
> -
> "
[belajarCSS 1b53519] belajarCSS ; ; -
 1 file changed, 1 insertion(+)
 create mode 100644 belajarCSS.txt

Asus@LAPTOP-A3F30CDJ MINGW64 /c/webdev/belajarGIT (belajarCSS)
$ git commit -m "belajarCSS"
On branch belajarCSS
Changes not staged for commit:
  (use "git add/rm <file>..." to update what will be committed)
  (use "git restore <file>..." to discard changes in working directory)
        deleted:    Tugas-HTML.txt
        modified:   log.txt

Untracked files:
  (use "git add <file>..." to include in what will be committed)
        belajarHTML.txt

no changes added to commit (use "git add" and/or "git commit -a")

Asus@LAPTOP-A3F30CDJ MINGW64 /c/webdev/belajarGIT (belajarCSS)
$ git checkout main
Switched to branch 'main'
D       Tugas-HTML.txt
M       log.txt
Your branch is up to date with 'origin/main'.

Asus@LAPTOP-A3F30CDJ MINGW64 /c/webdev/belajarGIT (main)
$ git commit -m "tugasCSS"
On branch main
Your branch is up to date with 'origin/main'.

Changes not staged for commit:
  (use "git add/rm <file>..." to update what will be committed)
  (use "git restore <file>..." to discard changes in working directory)
        deleted:    Tugas-HTML.txt
        modified:   log.txt

Untracked files:
  (use "git add <file>..." to include in what will be committed)
        belajarHTML.txt

no changes added to commit (use "git add" and/or "git commit -a")

Asus@LAPTOP-A3F30CDJ MINGW64 /c/webdev/belajarGIT (main)
$ git checkout belajarCSS
Switched to branch 'belajarCSS'
D       Tugas-HTML.txt
M       log.txt

Asus@LAPTOP-A3F30CDJ MINGW64 /c/webdev/belajarGIT (belajarCSS)
$ git commit -m "tugasCSS"
On branch belajarCSS
Changes not staged for commit:
  (use "git add/rm <file>..." to update what will be committed)
  (use "git restore <file>..." to discard changes in working directory)
        deleted:    Tugas-HTML.txt
        modified:   log.txt

Untracked files:
  (use "git add <file>..." to include in what will be committed)
        belajarHTML.txt

no changes added to commit (use "git add" and/or "git commit -a")

Asus@LAPTOP-A3F30CDJ MINGW64 /c/webdev/belajarGIT (belajarCSS)
$ git merge belajarCSS
Already up to date.

Asus@LAPTOP-A3F30CDJ MINGW64 /c/webdev/belajarGIT (belajarCSS)
$ git push
fatal: The current branch belajarCSS has no upstream branch.
To push the current branch and set the remote as upstream, use

    git push --set-upstream origin belajarCSS

To have this happen automatically for branches without a tracking
upstream, see 'push.autoSetupRemote' in 'git help config'.


Asus@LAPTOP-A3F30CDJ MINGW64 /c/webdev/belajarGIT (belajarCSS)
$

