
Asus@LAPTOP-A3F30CDJ MINGW64 /c/webdev
$ git init
Initialized empty Git repository in C:/webdev/.git/

Asus@LAPTOP-A3F30CDJ MINGW64 /c/webdev (master)
$ git clone https://github.com/anggrainisumarno/belajarGIT
Cloning into 'belajarGIT'...
remote: Enumerating objects: 6, done.
remote: Counting objects: 100% (6/6), done.
remote: Compressing objects: 100% (3/3), done.
remote: Total 6 (delta 0), reused 0 (delta 0), pack-reused 0
Receiving objects: 100% (6/6), done.

Asus@LAPTOP-A3F30CDJ MINGW64 /c/webdev (master)
$ cd belajar git
bash: cd: too many arguments

Asus@LAPTOP-A3F30CDJ MINGW64 /c/webdev (master)
$ cd belajarGIT

Asus@LAPTOP-A3F30CDJ MINGW64 /c/webdev/belajarGIT (main)
$ git branch Tugas-git

Asus@LAPTOP-A3F30CDJ MINGW64 /c/webdev/belajarGIT (main)
$ git checkout Tugas-git
Switched to branch 'Tugas-git'

Asus@LAPTOP-A3F30CDJ MINGW64 /c/webdev/belajarGIT (Tugas-git)
$ git status
On branch Tugas-git
Untracked files:
  (use "git add <file>..." to include in what will be committed)
        Tugas-GIT.txt

nothing added to commit but untracked files present (use "git add" to track)

Asus@LAPTOP-A3F30CDJ MINGW64 /c/webdev/belajarGIT (Tugas-git)
$ git add Tugas-GIT
fatal: pathspec 'Tugas-GIT' did not match any files

Asus@LAPTOP-A3F30CDJ MINGW64 /c/webdev/belajarGIT (Tugas-git)
$
